[2026-09-20 05:36:01 +0300] [3885452] [INFO] Starting gunicorn 26.2.0
[2026-09-20 05:37:07 +0300] [3885452] [INFO] bootstrap: {'mode': 'jit', 'cpython_jit': False, 'frame_evaluator': True, 'static_loader': False, 'kernel_requested': 'plain', 'kernel_actual': 'plain', 'kernel_is_static': None, 'embeddings_requested': 'numpy', 'embeddings_is_static': None, 'jit_enabled': True, 'compile_after_n_calls': None, 'precompiled': 13, 'immortalized': True, 'parallel_gc': False, 'parallel_gc_settings': None, 'perf_trampoline': False, 'problems': []}
[2026-09-20 05:37:07 +0300] [3885452] [INFO] graph edges: 2549236, catalogue items: 100000
[2026-09-20 05:37:07 +0300] [3885452] [INFO] Listening at: http://127.0.0.1:8100 (3885452)
[2026-09-20 05:37:07 +0300] [3885452] [INFO] Using worker: uvicorn.workers.UvicornWorker
[2026-09-20 05:37:07 +0300] [3891519] [INFO] Booting worker with pid: 3891519
[2026-09-20 05:37:07 +0300] [3891519] [INFO] Started server process [3891519]
[2026-09-20 05:37:07 +0300] [3891519] [INFO] Waiting for application startup.
[2026-09-20 05:37:07 +0300] [3891538] [INFO] Booting worker with pid: 3891538
[2026-09-20 05:37:07 +0300] [3891538] [INFO] Started server process [3891538]
[2026-09-20 05:37:07 +0300] [3891538] [INFO] Waiting for application startup.
[2026-09-20 05:37:07 +0300] [3891546] [INFO] Booting worker with pid: 3891546
[2026-09-20 05:37:07 +0300] [3891546] [INFO] Started server process [3891546]
[2026-09-20 05:37:07 +0300] [3891546] [INFO] Waiting for application startup.
[2026-09-20 05:37:07 +0300] [3891559] [INFO] Booting worker with pid: 3891559
[2026-09-20 05:37:07 +0300] [3891559] [INFO] Started server process [3891559]
[2026-09-20 05:37:07 +0300] [3891559] [INFO] Waiting for application startup.
[2026-09-20 05:37:07 +0300] [3885452] [INFO] Control socket listening at /run/user/1000/gunicorn.ctl
[2026-09-20 05:37:09 +0300] [3891519] [INFO] Application startup complete.
[2026-09-20 05:37:09 +0300] [3891538] [INFO] Application startup complete.
[2026-09-20 05:37:09 +0300] [3891546] [INFO] Application startup complete.
[2026-09-20 05:37:10 +0300] [3891559] [INFO] Application startup complete.
[2026-09-20 05:45:14 +0300] [3885452] [INFO] Handling signal: term
[2026-09-20 05:45:14 +0300] [3891559] [INFO] Shutting down
[2026-09-20 05:45:14 +0300] [3891519] [INFO] Shutting down
[2026-09-20 05:45:14 +0300] [3891538] [INFO] Shutting down
[2026-09-20 05:45:14 +0300] [3891546] [INFO] Shutting down
[2026-09-20 05:45:14 +0300] [3891559] [INFO] Waiting for application shutdown.
[2026-09-20 05:45:14 +0300] [3891559] [INFO] Application shutdown complete.
[2026-09-20 05:45:14 +0300] [3891559] [INFO] Finished server process [3891559]
[2026-09-20 05:45:14 +0300] [3891519] [INFO] Waiting for application shutdown.
[2026-09-20 05:45:14 +0300] [3891519] [INFO] Application shutdown complete.
[2026-09-20 05:45:14 +0300] [3891519] [INFO] Finished server process [3891519]
[2026-09-20 05:45:14 +0300] [3891538] [INFO] Waiting for application shutdown.
[2026-09-20 05:45:14 +0300] [3891538] [INFO] Application shutdown complete.
[2026-09-20 05:45:14 +0300] [3891538] [INFO] Finished server process [3891538]
[2026-09-20 05:45:14 +0300] [3891546] [INFO] Waiting for application shutdown.
[2026-09-20 05:45:14 +0300] [3891546] [INFO] Application shutdown complete.
[2026-09-20 05:45:14 +0300] [3891546] [INFO] Finished server process [3891546]
[2026-09-20 05:45:14 +0300] [3885452] [INFO] Worker (pid:3891519) was sent SIGTERM!
[2026-09-20 05:45:14 +0300] [3885452] [INFO] Worker (pid:3891538) was sent SIGTERM!
[2026-09-20 05:45:14 +0300] [3885452] [INFO] Worker (pid:3891559) was sent SIGTERM!
[2026-09-20 05:45:14 +0300] [3885452] [INFO] Worker (pid:3891546) was sent SIGTERM!
[2026-09-20 05:45:14 +0300] [3885452] [INFO] Shutting down: Master
