[2026-09-19 14:08:29 +0300] [1827487] [INFO] Starting gunicorn 26.2.0
[2026-09-19 14:09:23 +0300] [1827487] [INFO] bootstrap: {'mode': 'off', 'cpython_jit': True, 'frame_evaluator': False, 'static_loader': False, 'kernel_requested': 'plain', 'kernel_actual': 'plain', 'kernel_is_static': None, 'embeddings_requested': 'numpy', 'embeddings_is_static': None, 'jit_enabled': False, 'compile_after_n_calls': None, 'precompiled': 0, 'immortalized': False, 'parallel_gc': False, 'parallel_gc_settings': None, 'perf_trampoline': False, 'problems': []}
[2026-09-19 14:09:23 +0300] [1827487] [INFO] graph edges: 2549236, catalogue items: 100000
[2026-09-19 14:09:23 +0300] [1827487] [INFO] Listening at: http://127.0.0.1:8100 (1827487)
[2026-09-19 14:09:23 +0300] [1827487] [INFO] Using worker: uvicorn.workers.UvicornWorker
[2026-09-19 14:09:23 +0300] [1831438] [INFO] Booting worker with pid: 1831438
[2026-09-19 14:09:23 +0300] [1831438] [INFO] Started server process [1831438]
[2026-09-19 14:09:23 +0300] [1831438] [INFO] Waiting for application startup.
[2026-09-19 14:09:23 +0300] [1831439] [INFO] Booting worker with pid: 1831439
[2026-09-19 14:09:23 +0300] [1831439] [INFO] Started server process [1831439]
[2026-09-19 14:09:23 +0300] [1831439] [INFO] Waiting for application startup.
[2026-09-19 14:09:23 +0300] [1831522] [INFO] Booting worker with pid: 1831522
[2026-09-19 14:09:23 +0300] [1831522] [INFO] Started server process [1831522]
[2026-09-19 14:09:23 +0300] [1831522] [INFO] Waiting for application startup.
[2026-09-19 14:09:23 +0300] [1831644] [INFO] Booting worker with pid: 1831644
[2026-09-19 14:09:23 +0300] [1827487] [INFO] Control socket listening at /run/user/1000/gunicorn.ctl
[2026-09-19 14:09:23 +0300] [1831644] [INFO] Started server process [1831644]
[2026-09-19 14:09:23 +0300] [1831644] [INFO] Waiting for application startup.
[2026-09-19 14:09:25 +0300] [1831438] [INFO] Application startup complete.
[2026-09-19 14:09:25 +0300] [1831439] [INFO] Application startup complete.
[2026-09-19 14:09:26 +0300] [1831522] [INFO] Application startup complete.
[2026-09-19 14:09:26 +0300] [1831644] [INFO] Application startup complete.
[2026-09-19 14:17:31 +0300] [1827487] [INFO] Handling signal: term
[2026-09-19 14:17:31 +0300] [1831438] [INFO] Shutting down
[2026-09-19 14:17:31 +0300] [1831439] [INFO] Shutting down
[2026-09-19 14:17:31 +0300] [1831522] [INFO] Shutting down
[2026-09-19 14:17:31 +0300] [1831438] [INFO] Waiting for application shutdown.
[2026-09-19 14:17:31 +0300] [1831438] [INFO] Application shutdown complete.
[2026-09-19 14:17:31 +0300] [1831438] [INFO] Finished server process [1831438]
[2026-09-19 14:17:31 +0300] [1831439] [INFO] Waiting for application shutdown.
[2026-09-19 14:17:31 +0300] [1831439] [INFO] Application shutdown complete.
[2026-09-19 14:17:31 +0300] [1831439] [INFO] Finished server process [1831439]
[2026-09-19 14:17:31 +0300] [1831522] [INFO] Waiting for application shutdown.
[2026-09-19 14:17:31 +0300] [1831522] [INFO] Application shutdown complete.
[2026-09-19 14:17:31 +0300] [1831522] [INFO] Finished server process [1831522]
[2026-09-19 14:17:31 +0300] [1827487] [INFO] Worker (pid:1831438) was sent SIGTERM!
[2026-09-19 14:17:31 +0300] [1831644] [INFO] Shutting down
[2026-09-19 14:17:31 +0300] [1827487] [INFO] Worker (pid:1831439) was sent SIGTERM!
[2026-09-19 14:17:31 +0300] [1827487] [INFO] Worker (pid:1831522) was sent SIGTERM!
[2026-09-19 14:17:31 +0300] [1831644] [INFO] Waiting for application shutdown.
[2026-09-19 14:17:31 +0300] [1831644] [INFO] Application shutdown complete.
[2026-09-19 14:17:31 +0300] [1831644] [INFO] Finished server process [1831644]
[2026-09-19 14:17:31 +0300] [1827487] [INFO] Worker (pid:1831644) was sent SIGTERM!
[2026-09-19 14:17:31 +0300] [1827487] [INFO] Shutting down: Master
