[2026-09-20 04:05:07 +0300] [3492834] [INFO] Starting gunicorn 26.2.0
[2026-09-20 04:06:04 +0300] [3492834] [INFO] bootstrap: {'mode': 'off', 'cpython_jit': False, 'frame_evaluator': False, 'static_loader': False, 'kernel_requested': 'plain', 'kernel_actual': 'plain', 'kernel_is_static': None, 'embeddings_requested': 'numpy', 'embeddings_is_static': None, 'jit_enabled': False, 'compile_after_n_calls': None, 'precompiled': 0, 'immortalized': False, 'parallel_gc': False, 'parallel_gc_settings': None, 'perf_trampoline': False, 'problems': []}
[2026-09-20 04:06:04 +0300] [3492834] [INFO] graph edges: 2549236, catalogue items: 100000
[2026-09-20 04:06:04 +0300] [3492834] [INFO] Listening at: http://127.0.0.1:8100 (3492834)
[2026-09-20 04:06:04 +0300] [3492834] [INFO] Using worker: uvicorn.workers.UvicornWorker
[2026-09-20 04:06:04 +0300] [3497769] [INFO] Booting worker with pid: 3497769
[2026-09-20 04:06:04 +0300] [3497769] [INFO] Started server process [3497769]
[2026-09-20 04:06:04 +0300] [3497769] [INFO] Waiting for application startup.
[2026-09-20 04:06:04 +0300] [3497770] [INFO] Booting worker with pid: 3497770
[2026-09-20 04:06:04 +0300] [3497770] [INFO] Started server process [3497770]
[2026-09-20 04:06:04 +0300] [3497770] [INFO] Waiting for application startup.
[2026-09-20 04:06:04 +0300] [3497789] [INFO] Booting worker with pid: 3497789
[2026-09-20 04:06:04 +0300] [3497789] [INFO] Started server process [3497789]
[2026-09-20 04:06:04 +0300] [3497789] [INFO] Waiting for application startup.
[2026-09-20 04:06:04 +0300] [3497791] [INFO] Booting worker with pid: 3497791
[2026-09-20 04:06:04 +0300] [3497791] [INFO] Started server process [3497791]
[2026-09-20 04:06:04 +0300] [3497791] [INFO] Waiting for application startup.
[2026-09-20 04:06:04 +0300] [3492834] [INFO] Control socket listening at /run/user/1000/gunicorn.ctl
[2026-09-20 04:06:06 +0300] [3497769] [INFO] Application startup complete.
[2026-09-20 04:06:06 +0300] [3497770] [INFO] Application startup complete.
[2026-09-20 04:06:06 +0300] [3497789] [INFO] Application startup complete.
[2026-09-20 04:06:07 +0300] [3497791] [INFO] Application startup complete.
[2026-09-20 04:14:11 +0300] [3492834] [INFO] Handling signal: term
[2026-09-20 04:14:11 +0300] [3497791] [INFO] Shutting down
[2026-09-20 04:14:11 +0300] [3497770] [INFO] Shutting down
[2026-09-20 04:14:11 +0300] [3497769] [INFO] Shutting down
[2026-09-20 04:14:11 +0300] [3497789] [INFO] Shutting down
[2026-09-20 04:14:11 +0300] [3497791] [INFO] Waiting for application shutdown.
[2026-09-20 04:14:11 +0300] [3497791] [INFO] Application shutdown complete.
[2026-09-20 04:14:11 +0300] [3497791] [INFO] Finished server process [3497791]
[2026-09-20 04:14:11 +0300] [3497770] [INFO] Waiting for application shutdown.
[2026-09-20 04:14:11 +0300] [3497770] [INFO] Application shutdown complete.
[2026-09-20 04:14:11 +0300] [3497770] [INFO] Finished server process [3497770]
[2026-09-20 04:14:11 +0300] [3497769] [INFO] Waiting for application shutdown.
[2026-09-20 04:14:11 +0300] [3497769] [INFO] Application shutdown complete.
[2026-09-20 04:14:11 +0300] [3497769] [INFO] Finished server process [3497769]
[2026-09-20 04:14:11 +0300] [3497789] [INFO] Waiting for application shutdown.
[2026-09-20 04:14:11 +0300] [3497789] [INFO] Application shutdown complete.
[2026-09-20 04:14:11 +0300] [3497789] [INFO] Finished server process [3497789]
[2026-09-20 04:14:11 +0300] [3492834] [INFO] Worker (pid:3497791) was sent SIGTERM!
[2026-09-20 04:14:11 +0300] [3492834] [INFO] Worker (pid:3497769) was sent SIGTERM!
[2026-09-20 04:14:11 +0300] [3492834] [INFO] Worker (pid:3497770) was sent SIGTERM!
[2026-09-20 04:14:11 +0300] [3492834] [INFO] Worker (pid:3497789) was sent SIGTERM!
[2026-09-20 04:14:11 +0300] [3492834] [INFO] Shutting down: Master
