[2026-09-18 03:52:22 +0300] [1225033] [INFO] Starting gunicorn 26.2.0
[2026-09-18 03:53:21 +0300] [1225033] [INFO] bootstrap: {'mode': 'jit_static', 'cpython_jit': False, 'frame_evaluator': True, 'static_loader': True, 'kernel_requested': 'static', 'kernel_actual': 'static', 'kernel_is_static': True, 'embeddings_requested': 'static', 'embeddings_is_static': True, 'jit_enabled': True, 'compile_after_n_calls': None, 'precompiled': 16, 'immortalized': True, 'parallel_gc': False, 'parallel_gc_settings': None, 'perf_trampoline': False, 'problems': []}
[2026-09-18 03:53:21 +0300] [1225033] [INFO] graph edges: 2549236, catalogue items: 100000
[2026-09-18 03:53:21 +0300] [1225033] [INFO] Listening at: http://127.0.0.1:8100 (1225033)
[2026-09-18 03:53:21 +0300] [1225033] [INFO] Using worker: uvicorn.workers.UvicornWorker
[2026-09-18 03:53:21 +0300] [1229531] [INFO] Booting worker with pid: 1229531
[2026-09-18 03:53:21 +0300] [1229532] [INFO] Booting worker with pid: 1229532
[2026-09-18 03:53:21 +0300] [1229531] [INFO] Started server process [1229531]
[2026-09-18 03:53:21 +0300] [1229531] [INFO] Waiting for application startup.
[2026-09-18 03:53:21 +0300] [1229532] [INFO] Started server process [1229532]
[2026-09-18 03:53:21 +0300] [1229532] [INFO] Waiting for application startup.
[2026-09-18 03:53:21 +0300] [1229554] [INFO] Booting worker with pid: 1229554
[2026-09-18 03:53:21 +0300] [1229555] [INFO] Booting worker with pid: 1229555
[2026-09-18 03:53:21 +0300] [1229554] [INFO] Started server process [1229554]
[2026-09-18 03:53:21 +0300] [1229554] [INFO] Waiting for application startup.
[2026-09-18 03:53:21 +0300] [1229555] [INFO] Started server process [1229555]
[2026-09-18 03:53:21 +0300] [1229555] [INFO] Waiting for application startup.
[2026-09-18 03:53:21 +0300] [1225033] [INFO] Control socket listening at /run/user/1000/gunicorn.ctl
[2026-09-18 03:53:24 +0300] [1229532] [INFO] Application startup complete.
[2026-09-18 03:53:24 +0300] [1229531] [INFO] Application startup complete.
[2026-09-18 03:53:24 +0300] [1229555] [INFO] Application startup complete.
[2026-09-18 03:53:24 +0300] [1229554] [INFO] Application startup complete.
impression write failed for user 2667
Traceback (most recent call last):
  File "/home/timofei/Desktop/cinder_cinderx_article/service/src/recsys/infrastructure/db/event_repository.py", line 54, in log_impressions
    async with self._engine.begin() as conn:
               ~~~~~~~~~~~~~~~~~~^^
  File "/home/timofei/Desktop/cinder_cinderx_article/build/fork/lib/python3.14/contextlib.py", line 214, in __aenter__
    return await anext(self.gen)
           ^^^^^^^^^^^^^^^^^^^^^
  File "/home/timofei/Desktop/cinder_cinderx_article/build/venv-fork/lib/python3.14/site-packages/sqlalchemy/ext/asyncio/engine.py", line 1068, in begin
    async with conn:
               ^^^^
  File "/home/timofei/Desktop/cinder_cinderx_article/build/venv-fork/lib/python3.14/site-packages/sqlalchemy/ext/asyncio/base.py", line 121, in __aenter__
    return await self.start(is_ctxmanager=True)
           ^^^^^^^^^^^^^^^^^^^^^^^^^^^^^^^^^^^^
  File "/home/timofei/Desktop/cinder_cinderx_article/build/venv-fork/lib/python3.14/site-packages/sqlalchemy/ext/asyncio/engine.py", line 275, in start
    await greenlet_spawn(self.sync_engine.connect)
  File "/home/timofei/Desktop/cinder_cinderx_article/build/venv-fork/lib/python3.14/site-packages/sqlalchemy/util/_concurrency_py3k.py", line 201, in greenlet_spawn
    result = context.throw(*sys.exc_info())
  File "/home/timofei/Desktop/cinder_cinderx_article/build/venv-fork/lib/python3.14/site-packages/sqlalchemy/engine/base.py", line 3295, in connect
    return self._connection_cls(self)
           ~~~~~~~~~~~~~~~~~~~~^^^^^^
  File "/home/timofei/Desktop/cinder_cinderx_article/build/venv-fork/lib/python3.14/site-packages/sqlalchemy/engine/base.py", line 144, in __init__
    self._dbapi_connection = engine.raw_connection()
                             ~~~~~~~~~~~~~~~~~~~~~^^
  File "/home/timofei/Desktop/cinder_cinderx_article/build/venv-fork/lib/python3.14/site-packages/sqlalchemy/engine/base.py", line 3319, in raw_connection
    return self.pool.connect()
           ~~~~~~~~~~~~~~~~~^^
  File "/home/timofei/Desktop/cinder_cinderx_article/build/venv-fork/lib/python3.14/site-packages/sqlalchemy/pool/base.py", line 448, in connect
    return _ConnectionFairy._checkout(self)
           ~~~~~~~~~~~~~~~~~~~~~~~~~~^^^^^^
  File "/home/timofei/Desktop/cinder_cinderx_article/build/venv-fork/lib/python3.14/site-packages/sqlalchemy/pool/base.py", line 1272, in _checkout
    fairy = _ConnectionRecord.checkout(pool)
  File "/home/timofei/Desktop/cinder_cinderx_article/build/venv-fork/lib/python3.14/site-packages/sqlalchemy/pool/base.py", line 712, in checkout
    rec = pool._do_get()
  File "/home/timofei/Desktop/cinder_cinderx_article/build/venv-fork/lib/python3.14/site-packages/sqlalchemy/pool/impl.py", line 167, in _do_get
    raise exc.TimeoutError(
    ...<4 lines>...
    )
sqlalchemy.exc.TimeoutError: QueuePool limit of size 10 overflow 0 reached, connection timed out, timeout 30.00 (Background on this error at: https://sqlalche.me/e/20/3o7r)
[2026-09-18 04:14:16 +0300] [1225033] [INFO] Handling signal: term
[2026-09-18 04:14:16 +0300] [1229555] [INFO] Shutting down
[2026-09-18 04:14:16 +0300] [1229554] [INFO] Shutting down
[2026-09-18 04:14:16 +0300] [1229532] [INFO] Shutting down
[2026-09-18 04:14:16 +0300] [1229531] [INFO] Shutting down
[2026-09-18 04:14:16 +0300] [1229555] [INFO] Waiting for application shutdown.
[2026-09-18 04:14:16 +0300] [1229555] [INFO] Application shutdown complete.
[2026-09-18 04:14:16 +0300] [1229555] [INFO] Finished server process [1229555]
[2026-09-18 04:14:16 +0300] [1229554] [INFO] Waiting for application shutdown.
[2026-09-18 04:14:16 +0300] [1229554] [INFO] Application shutdown complete.
[2026-09-18 04:14:16 +0300] [1229554] [INFO] Finished server process [1229554]
[2026-09-18 04:14:16 +0300] [1229532] [INFO] Waiting for application shutdown.
[2026-09-18 04:14:16 +0300] [1229532] [INFO] Application shutdown complete.
[2026-09-18 04:14:16 +0300] [1229532] [INFO] Finished server process [1229532]
[2026-09-18 04:14:16 +0300] [1229531] [INFO] Waiting for application shutdown.
[2026-09-18 04:14:16 +0300] [1229531] [INFO] Application shutdown complete.
[2026-09-18 04:14:16 +0300] [1229531] [INFO] Finished server process [1229531]
[2026-09-18 04:14:16 +0300] [1225033] [INFO] Worker (pid:1229555) was sent SIGTERM!
[2026-09-18 04:14:16 +0300] [1225033] [INFO] Worker (pid:1229531) was sent SIGTERM!
[2026-09-18 04:14:16 +0300] [1225033] [INFO] Worker (pid:1229532) was sent SIGTERM!
[2026-09-18 04:14:16 +0300] [1225033] [INFO] Worker (pid:1229554) was sent SIGTERM!
[2026-09-18 04:14:16 +0300] [1225033] [INFO] Shutting down: Master
